---
source: tui_app_server/src/chatwidget/tests.rs
expression: terminal.backend()
---
"                                                                                "
"• Analyzing (0s • esc to interrupt)                                             "
"                                                                                "
"                                                                                "
"› Ask Codex to do anything                                                      "
"                                                                                "
"  gpt-5.3-codex default · 100% left · /tmp/project                              "
