---
source: tui/src/modes/mode_bar.rs
expression: "render_lines(&view, 64)"
---
────────────────────────────────────────────────────────────────
Mode: [ ] review · [x] qa ⚠                                     
[target=?]                                                      
════════════════════════════════════════════════════════════════
d Details  Tab Modes  ←→ Vars  ⏎ Edit  Space Toggle  Esc Exit
