---
source: tui/src/chatwidget/tests/popups_and_settings.rs
expression: popup
---
  Experimental features
  Toggle experimental features. Changes are saved to config.toml.

› [x] Shell tool  Allow the model to run shell commands.

  Press space to select or ctrl + x enter to save for next conversation
