---
source: tui/src/chatwidget/tests/popups_and_settings.rs
expression: popup
---
  Select Model and Effort
  Access legacy models by running codex -m <model_name> or in your config.toml

  1. gpt-5.4 (default)  Latest frontier agentic coding model.
  2. gpt-5.4-mini       Smaller frontier agentic coding model.
  3. gpt-5.3-codex      Frontier Codex-optimized agentic coding model.
› 4. gpt-5.2 (current)  Optimized for professional work and long-running
                        agents

  Press enter to select reasoning effort, or esc to dismiss.
