---
source: tui/src/chatwidget/tests.rs
assertion_line: 11761
expression: term.backend().vt100().screen().contents()
---



⚠ MCP client for `alpha` failed to start: handshake failed
⚠ MCP startup incomplete (failed: alpha)


› Ask Codex to do anything

  gpt-5.3-codex default · 100% left · /tmp/project
